// Jest Snapshot v1, https://goo.gl/fbAQLP

exports[`RepositoryCard should match snapshot 1`] = `
<DocumentFragment>
  <div
    class="MuiGrid-root MuiGrid-container MuiGrid-direction-xs-column MuiGrid-align-items-xs-center MuiGrid-justify-xs-center"
    style="padding: 2rem;"
  >
    <div
      class="MuiPaper-root MuiCard-root RepositoryCard-root RepositoryCardcomponent__StyledRepositoryCard-sc-1c2lx1b-0 gnTwgd MuiPaper-elevation1 MuiPaper-rounded"
    >
      <div
        class="MuiCardHeader-root"
      >
        <div
          class="MuiCardHeader-content"
        >
          <h6
            class="MuiTypography-root MuiTypography-h6"
          >
            <a
              class="MuiTypography-root MuiLink-root MuiLink-underlineHover MuiTypography-colorSecondary"
              href="https://github.com/prdxs/repo-search"
              target="_blank"
            >
              prdxs/repo-search
            </a>
          </h6>
        </div>
      </div>
      <div
        class="MuiCardContent-root"
      >
        <div
          class="MuiGrid-root MuiGrid-container"
        >
          <div
            class="MuiGrid-root MuiGrid-item MuiGrid-grid-xs-6"
          >
            <span
              class="MuiBadge-root"
            >
              <svg
                aria-hidden="true"
                class="MuiSvgIcon-root RepositoryCard-star MuiSvgIcon-fontSizeLarge"
                focusable="false"
                viewBox="0 0 24 24"
              >
                <path
                  d="M12 17.27L18.18 21l-1.64-7.03L22 9.24l-7.19-.61L12 2 9.19 8.63 2 9.24l5.46 4.73L5.82 21z"
                />
              </svg>
              <span
                class="MuiBadge-badge MuiBadge-anchorOriginBottomRightRectangle MuiBadge-colorPrimary"
              >
                12
              </span>
            </span>
          </div>
        </div>
      </div>
    </div>
  </div>
</DocumentFragment>
`;
