// Jest Snapshot v1, https://goo.gl/fbAQLP

exports[`UserCard should match snapshot 1`] = `
<DocumentFragment>
  <div
    class="MuiGrid-root MuiGrid-container MuiGrid-direction-xs-column MuiGrid-align-items-xs-center MuiGrid-justify-xs-center"
    style="padding: 2rem;"
  >
    <div
      class="MuiPaper-root MuiCard-root UserCard-root UserCardcomponent__StyledSearchBar-sc-1aw9vkf-0 kpDwyL MuiPaper-elevation1 MuiPaper-rounded"
    >
      <div
        class="MuiCardHeader-root"
      >
        <div
          class="MuiCardHeader-avatar"
        >
          <div
            aria-label="avatar"
            class="MuiAvatar-root MuiAvatar-circle UserCard-avatar MuiAvatar-colorDefault"
            data-testid="UserCard-avatar"
          >
            N/A
          </div>
        </div>
        <div
          class="MuiCardHeader-content"
        >
          <h6
            class="MuiTypography-root MuiTypography-h6"
          >
            Unknown 
          </h6>
        </div>
      </div>
      <div
        class="MuiCardContent-root"
      />
    </div>
  </div>
</DocumentFragment>
`;
