// Jest Snapshot v1, https://goo.gl/fbAQLP

exports[`IssueCard should match snapshot 1`] = `
<DocumentFragment>
  <div
    class="MuiGrid-root MuiGrid-container MuiGrid-direction-xs-column MuiGrid-align-items-xs-center MuiGrid-justify-xs-center"
    style="padding: 2rem;"
  >
    <div
      class="MuiPaper-root MuiCard-root IssueCard-root IssueCardcomponent__StyledIssueCard-sc-1lg5wpy-0 etfYhE MuiPaper-elevation1 MuiPaper-rounded"
      data-testid="IssueCard-root"
    >
      <div
        class="MuiCardHeader-root"
      >
        <div
          class="MuiCardHeader-content"
        >
          <h6
            class="MuiTypography-root MuiTypography-h6"
          >
            <a
              class="MuiTypography-root MuiLink-root MuiLink-underlineHover MuiTypography-colorSecondary"
              href="https://github.com/facebook/react/issues/19245"
              target="_blank"
            >
              bug
            </a>
          </h6>
        </div>
      </div>
    </div>
  </div>
</DocumentFragment>
`;
